{"level":"info","message":"Test started: successful login","service":"user-service","timestamp":"2025-02-12 02:50:08"}
{"level":"info","message":"Test completed","service":"user-service","timestamp":"2025-02-12 02:50:27"}
{"level":"info","message":"Test started: successful login","service":"user-service","timestamp":"2025-02-12 02:57:31"}
{"level":"info","message":"Test started: successful login","service":"user-service","timestamp":"2025-02-12 02:58:41"}
{"level":"info","message":"Popup detected, attempting to close","service":"user-service","timestamp":"2025-02-12 02:58:45"}
{"level":"info","message":"Popup detected, attempting to close","service":"user-service","timestamp":"2025-02-12 02:58:45"}
{"level":"info","message":"Popup detected, attempting to close","service":"user-service","timestamp":"2025-02-12 02:58:45"}
{"level":"info","message":"Popup detected, attempting to close","service":"user-service","timestamp":"2025-02-12 02:58:45"}
{"level":"info","message":"Test completed","service":"user-service","timestamp":"2025-02-12 02:59:01"}
{"level":"info","message":"Test completed: Page Sorted Correctly","service":"user-service","timestamp":"2025-02-12 02:59:01"}
{"level":"info","message":"Popup detected, attempting to close","service":"user-service","timestamp":"2025-02-12 02:59:04"}
{"level":"info","message":"Popup detected, attempting to close","service":"user-service","timestamp":"2025-02-12 02:59:04"}
{"level":"info","message":"Popup detected, attempting to close","service":"user-service","timestamp":"2025-02-12 02:59:04"}
{"level":"info","message":"Popup detected, attempting to close","service":"user-service","timestamp":"2025-02-12 02:59:10"}
{"level":"info","message":"Test completed: Item saved to favorite successfully","service":"user-service","timestamp":"2025-02-12 02:59:27"}
{"level":"info","message":"Test completed: Item successfully added to cart","service":"user-service","timestamp":"2025-02-12 02:59:28"}
{"level":"info","message":"Test started: successful login","service":"user-service","timestamp":"2025-02-12 03:04:34"}
{"level":"info","message":"Popup detected, attempting to close","service":"user-service","timestamp":"2025-02-12 03:04:38"}
{"level":"info","message":"Popup detected, attempting to close","service":"user-service","timestamp":"2025-02-12 03:04:38"}
{"level":"info","message":"Popup detected, attempting to close","service":"user-service","timestamp":"2025-02-12 03:04:38"}
{"level":"info","message":"Popup detected, attempting to close","service":"user-service","timestamp":"2025-02-12 03:04:38"}
{"level":"info","message":"Atempting Logging in","service":"user-service","timestamp":"2025-02-12 03:04:47"}
{"level":"info","message":"Atempting Logging in","service":"user-service","timestamp":"2025-02-12 03:04:47"}
{"level":"info","message":"Atempting Logging in","service":"user-service","timestamp":"2025-02-12 03:04:47"}
{"level":"info","message":"Logging in...","service":"user-service","timestamp":"2025-02-12 03:04:53"}
{"level":"info","message":"Test completed","service":"user-service","timestamp":"2025-02-12 03:04:53"}
{"level":"info","message":"Test completed: Page Sorted Correctly","service":"user-service","timestamp":"2025-02-12 03:04:53"}
{"level":"info","message":"Logging in...","service":"user-service","timestamp":"2025-02-12 03:04:53"}
{"level":"info","message":"Logging in...","service":"user-service","timestamp":"2025-02-12 03:04:53"}
{"level":"info","message":"Popup detected, attempting to close","service":"user-service","timestamp":"2025-02-12 03:04:56"}
{"level":"info","message":"Popup detected, attempting to close","service":"user-service","timestamp":"2025-02-12 03:04:57"}
{"level":"info","message":"Popup detected, attempting to close","service":"user-service","timestamp":"2025-02-12 03:04:57"}
{"level":"info","message":"Popup detected, attempting to close","service":"user-service","timestamp":"2025-02-12 03:04:57"}
{"level":"info","message":"Test completed: Item saved to favorite successfully","service":"user-service","timestamp":"2025-02-12 03:05:14"}
{"level":"info","message":"Test completed: Item successfully added to cart","service":"user-service","timestamp":"2025-02-12 03:05:18"}
{"level":"info","message":"Popup detected, attempting to close","service":"user-service","timestamp":"2025-02-12 08:33:23"}
{"level":"info","message":"Popup detected, attempting to close","service":"user-service","timestamp":"2025-02-12 08:33:23"}
{"level":"info","message":"Popup detected, attempting to close","service":"user-service","timestamp":"2025-02-12 08:33:24"}
{"level":"info","message":"Popup detected, attempting to close","service":"user-service","timestamp":"2025-02-12 08:33:24"}
{"level":"info","message":"Test completed: Page Sorted Correctly","service":"user-service","timestamp":"2025-02-12 08:33:39"}
{"level":"info","message":"Popup detected, attempting to close","service":"user-service","timestamp":"2025-02-12 08:33:42"}
{"level":"info","message":"Test completed: Item saved to favorite successfully","service":"user-service","timestamp":"2025-02-12 08:34:00"}
{"level":"info","message":"Test completed: Item successfully added to cart","service":"user-service","timestamp":"2025-02-12 08:41:00"}
{"level":"info","message":"Popup detected, attempting to close","service":"user-service","timestamp":"2025-02-12 08:41:18"}
{"level":"info","message":"Popup detected, attempting to close","service":"user-service","timestamp":"2025-02-12 08:41:18"}
{"level":"info","message":"Popup detected, attempting to close","service":"user-service","timestamp":"2025-02-12 08:41:18"}
{"level":"info","message":"Popup detected, attempting to close","service":"user-service","timestamp":"2025-02-12 08:41:18"}
{"level":"info","message":"Test completed: Page Sorted Correctly","service":"user-service","timestamp":"2025-02-12 08:41:33"}
{"level":"info","message":"Popup detected, attempting to close","service":"user-service","timestamp":"2025-02-12 08:41:36"}
{"level":"info","message":"Test completed: Item saved to favorite successfully","service":"user-service","timestamp":"2025-02-12 08:41:54"}
{"level":"info","message":"Test completed: Item successfully added to cart","service":"user-service","timestamp":"2025-02-12 08:51:45"}
{"level":"info","message":"Popup detected, attempting to close","service":"user-service","timestamp":"2025-02-12 08:52:00"}
{"level":"info","message":"Popup detected, attempting to close","service":"user-service","timestamp":"2025-02-12 08:52:00"}
{"level":"info","message":"Popup detected, attempting to close","service":"user-service","timestamp":"2025-02-12 08:52:01"}
{"level":"info","message":"Popup detected, attempting to close","service":"user-service","timestamp":"2025-02-12 08:52:01"}
{"level":"info","message":"Test completed: Page Sorted Correctly","service":"user-service","timestamp":"2025-02-12 08:52:16"}
{"level":"info","message":"Popup detected, attempting to close","service":"user-service","timestamp":"2025-02-12 08:52:20"}
{"level":"info","message":"Test completed: Item saved to favorite successfully","service":"user-service","timestamp":"2025-02-12 08:52:37"}
{"level":"info","message":"Popup detected, attempting to close","service":"user-service","timestamp":"2025-02-12 08:54:27"}
{"level":"info","message":"Popup detected, attempting to close","service":"user-service","timestamp":"2025-02-12 08:54:27"}
{"level":"info","message":"Popup detected, attempting to close","service":"user-service","timestamp":"2025-02-12 08:54:28"}
{"level":"info","message":"Popup detected, attempting to close","service":"user-service","timestamp":"2025-02-12 08:54:28"}
{"level":"info","message":"Test completed: Page Sorted Correctly","service":"user-service","timestamp":"2025-02-12 08:54:43"}
{"level":"info","message":"Popup detected, attempting to close","service":"user-service","timestamp":"2025-02-12 08:54:46"}
{"level":"info","message":"Test completed: Item saved to favorite successfully","service":"user-service","timestamp":"2025-02-12 08:55:02"}
{"level":"info","message":"Popup detected, attempting to close","service":"user-service","timestamp":"2025-02-12 08:57:58"}
{"level":"info","message":"Popup detected, attempting to close","service":"user-service","timestamp":"2025-02-12 08:57:58"}
{"level":"info","message":"Popup detected, attempting to close","service":"user-service","timestamp":"2025-02-12 08:57:58"}
{"level":"info","message":"Popup detected, attempting to close","service":"user-service","timestamp":"2025-02-12 08:57:58"}
{"level":"info","message":"Test completed: Page Sorted Correctly","service":"user-service","timestamp":"2025-02-12 08:58:15"}
{"level":"info","message":"Popup detected, attempting to close","service":"user-service","timestamp":"2025-02-12 08:58:18"}
{"level":"info","message":"Test completed: Item saved to favorite successfully","service":"user-service","timestamp":"2025-02-12 08:58:35"}
{"level":"info","message":"Popup detected, attempting to close","service":"user-service","timestamp":"2025-02-12 08:59:46"}
{"level":"info","message":"Popup detected, attempting to close","service":"user-service","timestamp":"2025-02-12 08:59:46"}
{"level":"info","message":"Popup detected, attempting to close","service":"user-service","timestamp":"2025-02-12 08:59:46"}
{"level":"info","message":"Popup detected, attempting to close","service":"user-service","timestamp":"2025-02-12 08:59:47"}
{"level":"info","message":"Test completed: Page Sorted Correctly","service":"user-service","timestamp":"2025-02-12 09:00:02"}
{"level":"info","message":"Popup detected, attempting to close","service":"user-service","timestamp":"2025-02-12 09:00:06"}
{"level":"info","message":"Test completed: Item saved to favorite successfully","service":"user-service","timestamp":"2025-02-12 09:00:22"}
{"level":"info","message":"Popup detected, attempting to close","service":"user-service","timestamp":"2025-02-12 09:06:20"}
{"level":"info","message":"Popup detected, attempting to close","service":"user-service","timestamp":"2025-02-12 09:06:20"}
{"level":"info","message":"Popup detected, attempting to close","service":"user-service","timestamp":"2025-02-12 09:06:20"}
{"level":"info","message":"Popup detected, attempting to close","service":"user-service","timestamp":"2025-02-12 09:06:20"}
{"level":"info","message":"Test completed: Page Sorted Correctly","service":"user-service","timestamp":"2025-02-12 09:06:34"}
{"level":"info","message":"Popup detected, attempting to close","service":"user-service","timestamp":"2025-02-12 09:06:37"}
{"level":"info","message":"Test completed: Item saved to favorite successfully","service":"user-service","timestamp":"2025-02-12 09:06:55"}
{"level":"info","message":"Popup detected, attempting to close","service":"user-service","timestamp":"2025-02-12 09:12:23"}
{"level":"info","message":"Popup detected, attempting to close","service":"user-service","timestamp":"2025-02-12 09:12:23"}
{"level":"info","message":"Popup detected, attempting to close","service":"user-service","timestamp":"2025-02-12 09:12:23"}
{"level":"info","message":"Popup detected, attempting to close","service":"user-service","timestamp":"2025-02-12 09:12:23"}
{"level":"info","message":"Test completed: Page Sorted Correctly","service":"user-service","timestamp":"2025-02-12 09:12:40"}
{"level":"info","message":"Popup detected, attempting to close","service":"user-service","timestamp":"2025-02-12 09:12:43"}
{"level":"info","message":"Test completed: Item saved to favorite successfully","service":"user-service","timestamp":"2025-02-12 09:13:00"}
{"level":"info","message":"Test completed: Item successfully added to cart","service":"user-service","timestamp":"2025-02-12 09:13:30"}
{"level":"info","message":"Popup detected, attempting to close","service":"user-service","timestamp":"2025-02-12 09:13:41"}
{"level":"info","message":"Popup detected, attempting to close","service":"user-service","timestamp":"2025-02-12 09:13:41"}
{"level":"info","message":"Popup detected, attempting to close","service":"user-service","timestamp":"2025-02-12 09:13:42"}
{"level":"info","message":"Popup detected, attempting to close","service":"user-service","timestamp":"2025-02-12 09:13:42"}
{"level":"info","message":"Test completed: Page Sorted Correctly","service":"user-service","timestamp":"2025-02-12 09:13:57"}
{"level":"info","message":"Popup detected, attempting to close","service":"user-service","timestamp":"2025-02-12 09:14:01"}
{"level":"info","message":"Test completed: Item successfully added to cart","service":"user-service","timestamp":"2025-02-12 09:14:04"}
{"level":"info","message":"Test completed: Item saved to favorite successfully","service":"user-service","timestamp":"2025-02-12 09:14:18"}
{"level":"info","message":"Popup detected, attempting to close","service":"user-service","timestamp":"2025-02-12 09:20:06"}
{"level":"info","message":"Popup detected, attempting to close","service":"user-service","timestamp":"2025-02-12 09:20:06"}
{"level":"info","message":"Popup detected, attempting to close","service":"user-service","timestamp":"2025-02-12 09:20:07"}
{"level":"info","message":"Popup detected, attempting to close","service":"user-service","timestamp":"2025-02-12 09:20:07"}
{"level":"info","message":"Test completed: Page Sorted Correctly","service":"user-service","timestamp":"2025-02-12 09:20:22"}
{"level":"info","message":"Popup detected, attempting to close","service":"user-service","timestamp":"2025-02-12 09:20:26"}
{"level":"info","message":"Test completed: Item successfully added to cart","service":"user-service","timestamp":"2025-02-12 09:20:28"}
{"level":"info","message":"Popup detected, attempting to close","service":"user-service","timestamp":"2025-02-12 09:20:31"}
{"level":"info","message":"Popup detected, attempting to close","service":"user-service","timestamp":"2025-02-12 09:20:31"}
{"level":"info","message":"Popup detected, attempting to close","service":"user-service","timestamp":"2025-02-12 09:20:35"}
{"level":"info","message":"Test completed: Item saved to favorite successfully","service":"user-service","timestamp":"2025-02-12 09:20:44"}
{"level":"info","message":"Test completed: Page Sorted Correctly","service":"user-service","timestamp":"2025-02-12 09:20:47"}
{"level":"info","message":"Popup detected, attempting to close","service":"user-service","timestamp":"2025-02-12 09:20:50"}
{"level":"info","message":"Popup detected, attempting to close","service":"user-service","timestamp":"2025-02-12 09:20:51"}
{"level":"info","message":"Test completed: Item saved to favorite successfully","service":"user-service","timestamp":"2025-02-12 09:21:09"}
{"level":"info","message":"Test completed: Item successfully added to cart","service":"user-service","timestamp":"2025-02-12 09:21:13"}
{"level":"info","message":"Popup detected, attempting to close","service":"user-service","timestamp":"2025-02-12 09:24:32"}
{"level":"info","message":"Popup detected, attempting to close","service":"user-service","timestamp":"2025-02-12 09:24:32"}
{"level":"info","message":"Popup detected, attempting to close","service":"user-service","timestamp":"2025-02-12 09:24:32"}
{"level":"info","message":"Popup detected, attempting to close","service":"user-service","timestamp":"2025-02-12 09:24:33"}
{"level":"info","message":"Test completed: Page Sorted Correctly","service":"user-service","timestamp":"2025-02-12 09:24:47"}
{"level":"info","message":"Popup detected, attempting to close","service":"user-service","timestamp":"2025-02-12 09:24:50"}
{"level":"info","message":"Test completed: Item successfully added to cart","service":"user-service","timestamp":"2025-02-12 09:24:56"}
{"level":"info","message":"Test completed: Item saved to favorite successfully","service":"user-service","timestamp":"2025-02-12 09:25:07"}
{"level":"info","message":"Popup detected, attempting to close","service":"user-service","timestamp":"2025-02-12 09:30:51"}
{"level":"info","message":"Popup detected, attempting to close","service":"user-service","timestamp":"2025-02-12 09:30:51"}
{"level":"info","message":"Popup detected, attempting to close","service":"user-service","timestamp":"2025-02-12 09:30:52"}
{"level":"info","message":"Popup detected, attempting to close","service":"user-service","timestamp":"2025-02-12 09:30:53"}
{"level":"info","message":"Test completed: Page Sorted Correctly","service":"user-service","timestamp":"2025-02-12 09:31:07"}
{"level":"info","message":"Popup detected, attempting to close","service":"user-service","timestamp":"2025-02-12 09:31:11"}
{"level":"info","message":"Test completed: Item successfully added to cart","service":"user-service","timestamp":"2025-02-12 09:31:15"}
{"level":"info","message":"Test completed: Item saved to favorite successfully","service":"user-service","timestamp":"2025-02-12 09:31:28"}
{"level":"info","message":"Test started: successful login","service":"user-service","timestamp":"2025-02-12 10:14:17"}
{"level":"info","message":"Popup detected, attempting to close","service":"user-service","timestamp":"2025-02-12 10:14:20"}
{"level":"info","message":"Popup detected, attempting to close","service":"user-service","timestamp":"2025-02-12 10:14:21"}
{"level":"info","message":"Popup detected, attempting to close","service":"user-service","timestamp":"2025-02-12 10:14:21"}
{"level":"info","message":"Atempting Logging in","service":"user-service","timestamp":"2025-02-12 10:14:30"}
{"level":"info","message":"Atempting Logging in","service":"user-service","timestamp":"2025-02-12 10:14:31"}
{"level":"info","message":"Atempting Logging in","service":"user-service","timestamp":"2025-02-12 10:14:31"}
{"level":"info","message":"Logging in...","service":"user-service","timestamp":"2025-02-12 10:14:34"}
{"level":"info","message":"Test completed","service":"user-service","timestamp":"2025-02-12 10:14:34"}
{"level":"info","message":"Logging in...","service":"user-service","timestamp":"2025-02-12 10:14:35"}
{"level":"info","message":"Logging in...","service":"user-service","timestamp":"2025-02-12 10:14:36"}
{"level":"info","message":"Test started: successful login","service":"user-service","timestamp":"2025-02-12 10:21:25"}
{"level":"info","message":"Popup detected, attempting to close","service":"user-service","timestamp":"2025-02-12 10:21:28"}
{"level":"info","message":"Popup detected, attempting to close","service":"user-service","timestamp":"2025-02-12 10:21:29"}
{"level":"info","message":"Popup detected, attempting to close","service":"user-service","timestamp":"2025-02-12 10:21:29"}
{"level":"info","message":"Atempting Logging in","service":"user-service","timestamp":"2025-02-12 10:21:38"}
{"level":"info","message":"Atempting Logging in","service":"user-service","timestamp":"2025-02-12 10:21:38"}
{"level":"info","message":"Atempting Logging in","service":"user-service","timestamp":"2025-02-12 10:21:39"}
{"level":"info","message":"Logging in...","service":"user-service","timestamp":"2025-02-12 10:21:41"}
{"level":"info","message":"Test completed","service":"user-service","timestamp":"2025-02-12 10:21:41"}
{"level":"info","message":"Logging in...","service":"user-service","timestamp":"2025-02-12 10:21:42"}
{"level":"info","message":"Logging in...","service":"user-service","timestamp":"2025-02-12 10:21:44"}
